
分配公共符号
公共符号            大小              文件

idt_ptr             0x6               kernel/global.o
inode_table         0xb00             kernel/global.o
task_stack          0x38000           kernel/global.o
k_reenter           0x4               kernel/global.o
gdt                 0x400             kernel/global.o
pcaller             0x4               kernel/global.o
tty_table           0xc30             kernel/global.o
tss                 0x68              kernel/global.o
fs_msg              0x30              kernel/global.o
nr_current_console  0x4               kernel/global.o
f_desc_table        0x300             kernel/global.o
root_inode          0x4               kernel/global.o
disp_pos            0x4               kernel/global.o
gdt_ptr             0x6               kernel/global.o
idt                 0x800             kernel/global.o
super_block         0x1e0             kernel/global.o
PARTITION_ENTRY     0x10              kernel/hd.o
ticks               0x4               kernel/global.o
console_table       0x30              kernel/global.o
irq_table           0x40              kernel/global.o
p_proc_ready        0x4               kernel/global.o
proc_table          0xb1a             kernel/global.o

Discarded input sections

 .note.GNU-stack
                0x0000000000000000        0x0 kernel/start.o
 .note.GNU-stack
                0x0000000000000000        0x0 kernel/main.o
 .note.GNU-stack
                0x0000000000000000        0x0 kernel/clock.o
 .note.GNU-stack
                0x0000000000000000        0x0 kernel/keyboard.o
 .note.GNU-stack
                0x0000000000000000        0x0 kernel/tty.o
 .note.GNU-stack
                0x0000000000000000        0x0 kernel/console.o
 .note.GNU-stack
                0x0000000000000000        0x0 kernel/i8259.o
 .note.GNU-stack
                0x0000000000000000        0x0 kernel/global.o
 .note.GNU-stack
                0x0000000000000000        0x0 kernel/protect.o
 .note.GNU-stack
                0x0000000000000000        0x0 kernel/proc.o
 .note.GNU-stack
                0x0000000000000000        0x0 kernel/systask.o
 .note.GNU-stack
                0x0000000000000000        0x0 kernel/hd.o
 .note.GNU-stack
                0x0000000000000000        0x0 lib/printf.o
 .note.GNU-stack
                0x0000000000000000        0x0 lib/vsprintf.o
 .note.GNU-stack
                0x0000000000000000        0x0 lib/klib.o
 .note.GNU-stack
                0x0000000000000000        0x0 lib/misc.o
 .note.GNU-stack
                0x0000000000000000        0x0 lib/open.o
 .note.GNU-stack
                0x0000000000000000        0x0 lib/lseek.o
 .note.GNU-stack
                0x0000000000000000        0x0 lib/dup.o
 .note.GNU-stack
                0x0000000000000000        0x0 lib/stat.o
 .note.GNU-stack
                0x0000000000000000        0x0 lib/flock.o
 .note.GNU-stack
                0x0000000000000000        0x0 lib/pread.o
 .note.GNU-stack
                0x0000000000000000        0x0 lib/pwrite.o
 .note.GNU-stack
                0x0000000000000000        0x0 lib/readv.o
 .note.GNU-stack
                0x0000000000000000        0x0 lib/writev.o
 .note.GNU-stack
                0x0000000000000000        0x0 lib/read.o
 .note.GNU-stack
                0x0000000000000000        0x0 lib/write.o
 .note.GNU-stack
                0x0000000000000000        0x0 lib/close.o
 .note.GNU-stack
                0x0000000000000000        0x0 lib/unlink.o
 .note.GNU-stack
                0x0000000000000000        0x0 lib/getpid.o
 .note.GNU-stack
                0x0000000000000000        0x0 lib/syslog.o
 .note.GNU-stack
                0x0000000000000000        0x0 fs/main.o
 .note.GNU-stack
                0x0000000000000000        0x0 fs/open.o
 .note.GNU-stack
                0x0000000000000000        0x0 fs/lseek.o
 .note.GNU-stack
                0x0000000000000000        0x0 fs/dup.o
 .note.GNU-stack
                0x0000000000000000        0x0 fs/stat.o
 .note.GNU-stack
                0x0000000000000000        0x0 fs/flock.o
 .note.GNU-stack
                0x0000000000000000        0x0 fs/pread.o
 .note.GNU-stack
                0x0000000000000000        0x0 fs/pwrite.o
 .note.GNU-stack
                0x0000000000000000        0x0 fs/readv.o
 .note.GNU-stack
                0x0000000000000000        0x0 fs/writev.o
 .note.GNU-stack
                0x0000000000000000        0x0 fs/misc.o
 .note.GNU-stack
                0x0000000000000000        0x0 fs/read_write.o
 .note.GNU-stack
                0x0000000000000000        0x0 fs/link.o
 .note.GNU-stack
                0x0000000000000000        0x0 fs/disklog.o

内存配置

名称           来源             长度             属性
*default*        0x0000000000000000 0xffffffffffffffff

Linker script and memory map

段 .text 的地址设置为 0x1000
LOAD kernel/kernel.o
LOAD lib/syscall.o
LOAD kernel/start.o
LOAD kernel/main.o
LOAD kernel/clock.o
LOAD kernel/keyboard.o
LOAD kernel/tty.o
LOAD kernel/console.o
LOAD kernel/i8259.o
LOAD kernel/global.o
LOAD kernel/protect.o
LOAD kernel/proc.o
LOAD kernel/systask.o
LOAD kernel/hd.o
LOAD lib/printf.o
LOAD lib/vsprintf.o
LOAD lib/kliba.o
LOAD lib/klib.o
LOAD lib/string.o
LOAD lib/misc.o
LOAD lib/open.o
LOAD lib/lseek.o
LOAD lib/dup.o
LOAD lib/stat.o
LOAD lib/flock.o
LOAD lib/pread.o
LOAD lib/pwrite.o
LOAD lib/readv.o
LOAD lib/writev.o
LOAD lib/read.o
LOAD lib/write.o
LOAD lib/close.o
LOAD lib/unlink.o
LOAD lib/getpid.o
LOAD lib/syslog.o
LOAD fs/main.o
LOAD fs/open.o
LOAD fs/lseek.o
LOAD fs/dup.o
LOAD fs/stat.o
LOAD fs/flock.o
LOAD fs/pread.o
LOAD fs/pwrite.o
LOAD fs/readv.o
LOAD fs/writev.o
LOAD fs/misc.o
LOAD fs/read_write.o
LOAD fs/link.o
LOAD fs/disklog.o
                0x0000000008048000                PROVIDE (__executable_start, 0x8048000)
                0x0000000008048094                . = (0x8048000 + SIZEOF_HEADERS)

.interp
 *(.interp)

.note.gnu.build-id
 *(.note.gnu.build-id)

.hash
 *(.hash)

.gnu.hash
 *(.gnu.hash)

.dynsym
 *(.dynsym)

.dynstr
 *(.dynstr)

.gnu.version
 *(.gnu.version)

.gnu.version_d
 *(.gnu.version_d)

.gnu.version_r
 *(.gnu.version_r)

.rel.dyn        0x0000000008048094        0x0
 *(.rel.init)
 *(.rel.text .rel.text.* .rel.gnu.linkonce.t.*)
 .rel.text      0x0000000000000000        0x0 kernel/kernel.o
 *(.rel.fini)
 *(.rel.rodata .rel.rodata.* .rel.gnu.linkonce.r.*)
 *(.rel.data.rel.ro .rel.data.rel.ro.* .rel.gnu.linkonce.d.rel.ro.*)
 *(.rel.data .rel.data.* .rel.gnu.linkonce.d.*)
 .rel.data      0x0000000000000000        0x0 kernel/kernel.o
 *(.rel.tdata .rel.tdata.* .rel.gnu.linkonce.td.*)
 *(.rel.tbss .rel.tbss.* .rel.gnu.linkonce.tb.*)
 *(.rel.ctors)
 *(.rel.dtors)
 *(.rel.got)
 *(.rel.bss .rel.bss.* .rel.gnu.linkonce.b.*)
 *(.rel.ifunc)

.rel.plt        0x0000000008048094        0x0
 *(.rel.plt)
                0x0000000008048094                PROVIDE (__rel_iplt_start, .)
 *(.rel.iplt)
 .rel.iplt      0x0000000000000000        0x0 kernel/kernel.o
                0x0000000008048094                PROVIDE (__rel_iplt_end, .)

.init
 *(SORT(.init))

.plt            0x00000000080480a0        0x0
 *(.plt)
 *(.iplt)
 .iplt          0x0000000000000000        0x0 kernel/kernel.o

.text           0x0000000000001000     0xb898
 *(.text.unlikely .text.*_unlikely .text.unlikely.*)
 *(.text.exit .text.exit.*)
 *(.text.startup .text.startup.*)
 *(.text.hot .text.hot.*)
 *(.text .stub .text.* .gnu.linkonce.t.*)
 .text          0x0000000000001000      0x410 kernel/kernel.o
                0x0000000000001000                _start
                0x0000000000001040                hwint00
                0x0000000000001070                hwint01
                0x00000000000010a0                hwint02
                0x00000000000010d0                hwint03
                0x0000000000001100                hwint04
                0x0000000000001130                hwint05
                0x0000000000001160                hwint06
                0x0000000000001190                hwint07
                0x00000000000011c0                hwint08
                0x00000000000011f0                hwint09
                0x0000000000001220                hwint10
                0x0000000000001250                hwint11
                0x0000000000001280                hwint12
                0x00000000000012b0                hwint13
                0x00000000000012e0                hwint14
                0x0000000000001310                hwint15
                0x0000000000001334                divide_error
                0x000000000000133a                single_step_exception
                0x0000000000001340                nmi
                0x0000000000001346                breakpoint_exception
                0x000000000000134c                overflow
                0x0000000000001352                bounds_check
                0x0000000000001358                inval_opcode
                0x000000000000135e                copr_not_available
                0x0000000000001364                double_fault
                0x0000000000001368                copr_seg_overrun
                0x000000000000136e                inval_tss
                0x0000000000001372                segment_not_present
                0x0000000000001376                stack_exception
                0x000000000000137a                general_protection
                0x000000000000137e                page_fault
                0x0000000000001382                copr_error
                0x00000000000013cb                sys_call
                0x00000000000013eb                restart
 .text          0x0000000000001410       0x20 lib/syscall.o
                0x0000000000001410                sendrec
                0x0000000000001424                printx
 .text          0x0000000000001430       0x8e kernel/start.o
                0x0000000000001430                cstart
 .text          0x00000000000014be      0x8b8 kernel/main.o
                0x00000000000014be                kernel_main
                0x000000000000176b                get_ticks
                0x00000000000017a3                TestA
                0x0000000000001ce6                TestB
                0x0000000000001d06                TestC
                0x0000000000001d26                panic
 .text          0x0000000000001d76       0xde kernel/clock.o
                0x0000000000001d76                clock_handler
                0x0000000000001db7                milli_delay
                0x0000000000001df0                init_clock
 .text          0x0000000000001e54      0x67d kernel/keyboard.o
                0x0000000000001e54                keyboard_handler
                0x0000000000001eb0                init_keyboard
                0x0000000000001f55                keyboard_read
 .text          0x00000000000024d1      0x4fa kernel/tty.o
                0x00000000000024d1                task_tty
                0x000000000000257b                in_process
                0x00000000000027d0                tty_write
                0x0000000000002814                sys_printx
 .text          0x00000000000029cb      0x40b kernel/console.o
                0x00000000000029cb                init_screen
                0x0000000000002ae7                is_current_console
                0x0000000000002b02                out_char
                0x0000000000002d3e                select_console
                0x0000000000002d6f                scroll_screen
 .text          0x0000000000002dd6      0x13c kernel/i8259.o
                0x0000000000002dd6                init_8259A
                0x0000000000002ec7                spurious_irq
                0x0000000000002ef2                put_irq_handler
 .text          0x0000000000002f12        0x0 kernel/global.o
 .text          0x0000000000002f12      0x7e9 kernel/protect.o
                0x0000000000002f12                init_prot
                0x0000000000003513                seg2phys
                0x00000000000035ce                exception_handler
 .text          0x00000000000036fb     0x19d1 kernel/proc.o
                0x00000000000036fb                schedule
                0x0000000000003786                sys_sendrec
                0x00000000000038e4                send_recv
                0x00000000000039c4                ldt_seg_linear
                0x0000000000003a0e                va2la
                0x0000000000003a7d                reset_msg
                0x0000000000004a20                inform_int
                0x0000000000004bb6                dump_proc
                0x0000000000004f85                dump_msg
 .text          0x00000000000050cc       0x95 kernel/systask.o
                0x00000000000050cc                task_sys
 .text          0x0000000000005161      0xe9e kernel/hd.o
                0x0000000000005161                task_hd
                0x0000000000005fda                hd_handler
 .text          0x0000000000005fff       0x4f lib/printf.o
                0x0000000000005fff                printf
 .text          0x000000000000604e      0x318 lib/vsprintf.o
                0x00000000000060b1                vsprintf
                0x000000000000633c                sprintf
 *fill*         0x0000000000006366        0xa 
 .text          0x0000000000006370      0x19a lib/kliba.o
                0x0000000000006370                disp_str
                0x00000000000063ae                disp_color_str
                0x00000000000063ed                out_byte
                0x00000000000063f9                in_byte
                0x0000000000006403                port_read
                0x0000000000006416                port_write
                0x0000000000006429                disable_irq
                0x000000000000645e                enable_irq
                0x000000000000647d                disable_int
                0x000000000000647f                enable_int
                0x0000000000006481                glitter
 .text          0x000000000000650a      0x116 lib/klib.o
                0x000000000000650a                itoa
                0x00000000000065b5                disp_int
                0x00000000000065da                delay
 .text          0x0000000000006620       0x78 lib/string.o
                0x0000000000006620                memcpy
                0x0000000000006649                memset
                0x000000000000666a                strcpy
                0x0000000000006682                strlen
 .text          0x0000000000006698      0x1a8 lib/misc.o
                0x0000000000006698                memcmp
                0x000000000000670e                strcmp
                0x0000000000006780                strcat
                0x00000000000067df                spin
                0x00000000000067fa                assertion_failure
 .text          0x0000000000006840       0xe6 lib/open.o
                0x0000000000006840                open
                0x00000000000068b3                open_dir
 .text          0x0000000000006926       0x3f lib/lseek.o
                0x0000000000006926                lseek
 .text          0x0000000000006965       0x33 lib/dup.o
                0x0000000000006965                dup
 .text          0x0000000000006998       0x40 lib/stat.o
                0x0000000000006998                stat
 .text          0x00000000000069d8       0x2d lib/flock.o
                0x00000000000069d8                flock
 .text          0x0000000000006a05       0x45 lib/pread.o
                0x0000000000006a05                pread
 .text          0x0000000000006a4a       0x45 lib/pwrite.o
                0x0000000000006a4a                pwrite
 .text          0x0000000000006a8f       0x2d lib/readv.o
                0x0000000000006a8f                readv
 .text          0x0000000000006abc       0x2d lib/writev.o
                0x0000000000006abc                writev
 .text          0x0000000000006ae9       0x3f lib/read.o
                0x0000000000006ae9                read
 .text          0x0000000000006b28       0x3f lib/write.o
                0x0000000000006b28                write
 .text          0x0000000000006b67       0x33 lib/close.o
                0x0000000000006b67                close
 .text          0x0000000000006b9a       0x41 lib/unlink.o
                0x0000000000006b9a                unlink
 .text          0x0000000000006bdb       0x59 lib/getpid.o
                0x0000000000006bdb                getpid
 .text          0x0000000000006c34       0xdb lib/syslog.o
                0x0000000000006c34                syslog
 .text          0x0000000000006d0f      0xf11 fs/main.o
                0x0000000000006d0f                task_fs
                0x00000000000076ce                rw_sector
                0x000000000000790a                get_super_block
                0x0000000000007950                get_inode
                0x0000000000007abe                put_inode
                0x0000000000007b03                sync_inode
 .text          0x0000000000007c20     0x102c fs/open.o
                0x0000000000007c20                do_open
                0x000000000000801d                do_open_dir
                0x00000000000085e0                do_close
 .text          0x0000000000008c4c       0xb0 fs/lseek.o
                0x0000000000008c4c                do_lseek
 .text          0x0000000000008cfc      0x1b7 fs/dup.o
                0x0000000000008cfc                do_dup
 .text          0x0000000000008eb3      0x1f9 fs/stat.o
                0x0000000000008eb3                do_stat
 .text          0x00000000000090ac        0xa fs/flock.o
                0x00000000000090ac                do_flock
 .text          0x00000000000090b6      0x5c1 fs/pread.o
                0x00000000000090b6                do_pread
 .text          0x0000000000009677      0x597 fs/pwrite.o
                0x0000000000009677                do_pwrite
 .text          0x0000000000009c0e        0xa fs/readv.o
                0x0000000000009c0e                do_readv
 .text          0x0000000000009c18        0xa fs/writev.o
                0x0000000000009c18                do_writev
 .text          0x0000000000009c22      0x9ae fs/misc.o
                0x0000000000009c22                search_file
                0x0000000000009d9b                strip_path
                0x000000000000a544                strip_path2
 .text          0x000000000000a5d0      0x522 fs/read_write.o
                0x000000000000a5d0                do_rdwt
 .text          0x000000000000aaf2      0x8f6 fs/link.o
                0x000000000000aaf2                do_unlink
 .text          0x000000000000b3e8     0x14b0 fs/disklog.o
                0x000000000000b3e8                do_disklog
                0x000000000000b493                disklog
                0x000000000000ba3d                dump_fd_graph
 *(.gnu.warning)

.fini
 *(SORT(.fini))
                0x000000000000c898                PROVIDE (__etext, .)
                0x000000000000c898                PROVIDE (_etext, .)
                0x000000000000c898                PROVIDE (etext, .)

.rodata         0x000000000000c8a0     0x229b
 *(.rodata .rodata.* .gnu.linkonce.r.*)
 .rodata        0x000000000000c8a0       0x47 kernel/start.o
 *fill*         0x000000000000c8e7        0x1 
 .rodata        0x000000000000c8e8      0x1af kernel/main.o
 *fill*         0x000000000000ca97        0x1 
 .rodata        0x000000000000ca98       0x64 kernel/keyboard.o
 .rodata        0x000000000000cafc       0x90 kernel/tty.o
 .rodata        0x000000000000cb8c       0x11 kernel/i8259.o
 *fill*         0x000000000000cb9d        0x3 
 .rodata        0x000000000000cba0        0x4 kernel/global.o
                0x000000000000cba0                FSBUF_SIZE
 *fill*         0x000000000000cba4       0x1c 
 .rodata        0x000000000000cbc0      0x540 kernel/protect.o
 .rodata        0x000000000000d100      0x63e kernel/proc.o
 .rodata        0x000000000000d73e       0x11 kernel/systask.o
 *fill*         0x000000000000d74f        0x1 
 .rodata        0x000000000000d750      0x1ba kernel/hd.o
 *fill*         0x000000000000d90a        0x2 
 .rodata        0x000000000000d90c       0x61 lib/misc.o
 .rodata        0x000000000000d96d       0x23 lib/open.o
 .rodata        0x000000000000d990       0x25 lib/getpid.o
 .rodata        0x000000000000d9b5       0x32 lib/syslog.o
 *fill*         0x000000000000d9e7        0x1 
 .rodata        0x000000000000d9e8      0x246 fs/main.o
 *fill*         0x000000000000dc2e        0x2 
 .rodata        0x000000000000dc30      0x19f fs/open.o
 *fill*         0x000000000000ddcf        0x1 
 .rodata        0x000000000000ddd0       0xa6 fs/dup.o
 .rodata        0x000000000000de76       0x82 fs/stat.o
 .rodata        0x000000000000def8      0x160 fs/pread.o
 .rodata        0x000000000000e058      0x160 fs/pwrite.o
 .rodata        0x000000000000e1b8       0x56 fs/misc.o
 *fill*         0x000000000000e20e        0x2 
 .rodata        0x000000000000e210      0x164 fs/read_write.o
 .rodata        0x000000000000e374      0x19d fs/link.o
 *fill*         0x000000000000e511        0x3 
 .rodata        0x000000000000e514      0x627 fs/disklog.o

.rodata1
 *(.rodata1)

.eh_frame_hdr
 *(.eh_frame_hdr)

.eh_frame       0x000000000000eb3c     0x11d0
 *(.eh_frame)
 .eh_frame      0x000000000000eb3c       0x38 kernel/start.o
 .eh_frame      0x000000000000eb74       0xb8 kernel/main.o
                                         0xd0 (size before relaxing)
 .eh_frame      0x000000000000ec2c       0x60 kernel/clock.o
                                         0x78 (size before relaxing)
 .eh_frame      0x000000000000ec8c       0xe0 kernel/keyboard.o
                                         0xf8 (size before relaxing)
 .eh_frame      0x000000000000ed6c       0xfc kernel/tty.o
                                        0x114 (size before relaxing)
 .eh_frame      0x000000000000ee68      0x100 kernel/console.o
                                        0x118 (size before relaxing)
 .eh_frame      0x000000000000ef68       0x60 kernel/i8259.o
                                         0x78 (size before relaxing)
 .eh_frame      0x000000000000efc8       0xb0 kernel/protect.o
                                         0xc8 (size before relaxing)
 .eh_frame      0x000000000000f078      0x1e0 kernel/proc.o
                                        0x1f8 (size before relaxing)
 .eh_frame      0x000000000000f258       0x1c kernel/systask.o
                                         0x34 (size before relaxing)
 .eh_frame      0x000000000000f274      0x210 kernel/hd.o
                                        0x228 (size before relaxing)
 .eh_frame      0x000000000000f484       0x20 lib/printf.o
                                         0x38 (size before relaxing)
 .eh_frame      0x000000000000f4a4       0x68 lib/vsprintf.o
                                         0x80 (size before relaxing)
 .eh_frame      0x000000000000f50c       0x60 lib/klib.o
                                         0x78 (size before relaxing)
 .eh_frame      0x000000000000f56c       0x9c lib/misc.o
                                         0xb4 (size before relaxing)
 .eh_frame      0x000000000000f608       0x40 lib/open.o
                                         0x58 (size before relaxing)
 .eh_frame      0x000000000000f648       0x20 lib/lseek.o
                                         0x38 (size before relaxing)
 .eh_frame      0x000000000000f668       0x20 lib/dup.o
                                         0x38 (size before relaxing)
 .eh_frame      0x000000000000f688       0x20 lib/stat.o
                                         0x38 (size before relaxing)
 .eh_frame      0x000000000000f6a8       0x20 lib/flock.o
                                         0x38 (size before relaxing)
 .eh_frame      0x000000000000f6c8       0x20 lib/pread.o
                                         0x38 (size before relaxing)
 .eh_frame      0x000000000000f6e8       0x20 lib/pwrite.o
                                         0x38 (size before relaxing)
 .eh_frame      0x000000000000f708       0x20 lib/readv.o
                                         0x38 (size before relaxing)
 .eh_frame      0x000000000000f728       0x20 lib/writev.o
                                         0x38 (size before relaxing)
 .eh_frame      0x000000000000f748       0x20 lib/read.o
                                         0x38 (size before relaxing)
 .eh_frame      0x000000000000f768       0x20 lib/write.o
                                         0x38 (size before relaxing)
 .eh_frame      0x000000000000f788       0x20 lib/close.o
                                         0x38 (size before relaxing)
 .eh_frame      0x000000000000f7a8       0x20 lib/unlink.o
                                         0x38 (size before relaxing)
 .eh_frame      0x000000000000f7c8       0x20 lib/getpid.o
                                         0x38 (size before relaxing)
 .eh_frame      0x000000000000f7e8       0x20 lib/syslog.o
                                         0x38 (size before relaxing)
 .eh_frame      0x000000000000f808      0x134 fs/main.o
                                        0x14c (size before relaxing)
 .eh_frame      0x000000000000f93c      0x170 fs/open.o
                                        0x188 (size before relaxing)
 .eh_frame      0x000000000000faac       0x20 fs/lseek.o
                                         0x38 (size before relaxing)
 .eh_frame      0x000000000000facc       0x20 fs/dup.o
                                         0x38 (size before relaxing)
 .eh_frame      0x000000000000faec       0x20 fs/stat.o
                                         0x38 (size before relaxing)
 .eh_frame      0x000000000000fb0c       0x20 fs/flock.o
                                         0x38 (size before relaxing)
 .eh_frame      0x000000000000fb2c       0x2c fs/pread.o
                                         0x44 (size before relaxing)
 .eh_frame      0x000000000000fb58       0x2c fs/pwrite.o
                                         0x44 (size before relaxing)
 .eh_frame      0x000000000000fb84       0x20 fs/readv.o
                                         0x38 (size before relaxing)
 .eh_frame      0x000000000000fba4       0x20 fs/writev.o
                                         0x38 (size before relaxing)
 .eh_frame      0x000000000000fbc4       0x70 fs/misc.o
                                         0x88 (size before relaxing)
 .eh_frame      0x000000000000fc34       0x2c fs/read_write.o
                                         0x44 (size before relaxing)
 .eh_frame      0x000000000000fc60       0x2c fs/link.o
                                         0x44 (size before relaxing)
 .eh_frame      0x000000000000fc8c       0x80 fs/disklog.o
                                         0x98 (size before relaxing)

.gcc_except_table
 *(.gcc_except_table .gcc_except_table.*)

.exception_ranges
 *(.exception_ranges .exception_ranges*)
                0x000000000000fd0c                . = (ALIGN (0x1000) - ((0x1000 - .) & 0xfff))
                0x0000000000010000                . = DATA_SEGMENT_ALIGN (0x1000, 0x1000)

.eh_frame
 *(.eh_frame)

.gcc_except_table
 *(.gcc_except_table .gcc_except_table.*)

.exception_ranges
 *(.exception_ranges .exception_ranges*)

.tdata
 *(.tdata .tdata.* .gnu.linkonce.td.*)

.tbss
 *(.tbss .tbss.* .gnu.linkonce.tb.*)
 *(.tcommon)

.preinit_array  0x0000000000010000        0x0
                0x0000000000010000                PROVIDE (__preinit_array_start, .)
 *(.preinit_array)
                0x0000000000010000                PROVIDE (__preinit_array_end, .)

.init_array     0x0000000000010000        0x0
                0x0000000000010000                PROVIDE (__init_array_start, .)
 *(SORT(.init_array.*) SORT(.ctors.*))
 *(.init_array EXCLUDE_FILE(*crtend?.o *crtend.o *crtbegin?.o *crtbegin.o) .ctors)
                0x0000000000010000                PROVIDE (__init_array_end, .)

.fini_array     0x0000000000010000        0x0
                0x0000000000010000                PROVIDE (__fini_array_start, .)
 *(SORT(.fini_array.*) SORT(.dtors.*))
 *(.fini_array EXCLUDE_FILE(*crtend?.o *crtend.o *crtbegin?.o *crtbegin.o) .dtors)
                0x0000000000010000                PROVIDE (__fini_array_end, .)

.ctors
 *crtbegin.o(.ctors)
 *crtbegin?.o(.ctors)
 *(EXCLUDE_FILE(*crtend?.o *crtend.o) .ctors)
 *(SORT(.ctors.*))
 *(.ctors)

.dtors
 *crtbegin.o(.dtors)
 *crtbegin?.o(.dtors)
 *(EXCLUDE_FILE(*crtend?.o *crtend.o) .dtors)
 *(SORT(.dtors.*))
 *(.dtors)

.jcr
 *(.jcr)

.data.rel.ro
 *(.data.rel.ro.local* .gnu.linkonce.d.rel.ro.local.*)
 *(.data.rel.ro .data.rel.ro.* .gnu.linkonce.d.rel.ro.*)

.dynamic
 *(.dynamic)

.got
 *(.got)
 *(.igot)
                0x0000000000010000                . = DATA_SEGMENT_RELRO_END (., (SIZEOF (.got.plt) >= 0xc)?0xc:0x0)

.got.plt        0x0000000000010000        0x0
 *(.got.plt)
 *(.igot.plt)
 .igot.plt      0x0000000000000000        0x0 kernel/kernel.o

.data           0x0000000000010000      0x760
 *(.data .data.* .gnu.linkonce.d.*)
 .data          0x0000000000010000        0x2 kernel/kernel.o
 .data          0x0000000000010002        0x0 kernel/start.o
 .data          0x0000000000010002        0x0 kernel/main.o
 .data          0x0000000000010002        0x0 kernel/clock.o
 *fill*         0x0000000000010002       0x1e 
 .data          0x0000000000010020      0x600 kernel/keyboard.o
                0x0000000000010020                keymap
 .data          0x0000000000010620        0x0 kernel/tty.o
 .data          0x0000000000010620        0x0 kernel/console.o
 .data          0x0000000000010620        0x0 kernel/i8259.o
 .data          0x0000000000010620      0x140 kernel/global.o
                0x0000000000010620                task_table
                0x00000000000106c0                user_proc_table
                0x0000000000010738                sys_call_table
                0x0000000000010744                dd_map
                0x000000000001075c                fsbuf
 .data          0x0000000000010760        0x0 kernel/protect.o
 .data          0x0000000000010760        0x0 kernel/proc.o
 .data          0x0000000000010760        0x0 kernel/systask.o
 .data          0x0000000000010760        0x0 kernel/hd.o
 .data          0x0000000000010760        0x0 lib/printf.o
 .data          0x0000000000010760        0x0 lib/vsprintf.o
 .data          0x0000000000010760        0x0 lib/klib.o
 .data          0x0000000000010760        0x0 lib/misc.o
 .data          0x0000000000010760        0x0 lib/open.o
 .data          0x0000000000010760        0x0 lib/lseek.o
 .data          0x0000000000010760        0x0 lib/dup.o
 .data          0x0000000000010760        0x0 lib/stat.o
 .data          0x0000000000010760        0x0 lib/flock.o
 .data          0x0000000000010760        0x0 lib/pread.o
 .data          0x0000000000010760        0x0 lib/pwrite.o
 .data          0x0000000000010760        0x0 lib/readv.o
 .data          0x0000000000010760        0x0 lib/writev.o
 .data          0x0000000000010760        0x0 lib/read.o
 .data          0x0000000000010760        0x0 lib/write.o
 .data          0x0000000000010760        0x0 lib/close.o
 .data          0x0000000000010760        0x0 lib/unlink.o
 .data          0x0000000000010760        0x0 lib/getpid.o
 .data          0x0000000000010760        0x0 lib/syslog.o
 .data          0x0000000000010760        0x0 fs/main.o
 .data          0x0000000000010760        0x0 fs/open.o
 .data          0x0000000000010760        0x0 fs/lseek.o
 .data          0x0000000000010760        0x0 fs/dup.o
 .data          0x0000000000010760        0x0 fs/stat.o
 .data          0x0000000000010760        0x0 fs/flock.o
 .data          0x0000000000010760        0x0 fs/pread.o
 .data          0x0000000000010760        0x0 fs/pwrite.o
 .data          0x0000000000010760        0x0 fs/readv.o
 .data          0x0000000000010760        0x0 fs/writev.o
 .data          0x0000000000010760        0x0 fs/misc.o
 .data          0x0000000000010760        0x0 fs/read_write.o
 .data          0x0000000000010760        0x0 fs/link.o
 .data          0x0000000000010760        0x0 fs/disklog.o

.data1
 *(.data1)
                0x0000000000010760                _edata = .
                0x0000000000010760                PROVIDE (edata, .)
                0x0000000000010760                . = .
                0x0000000000010760                __bss_start = .

.bss            0x0000000000010760    0x3c62c
 *(.dynbss)
 *(.bss .bss.* .gnu.linkonce.b.*)
 .bss           0x0000000000010760      0x800 kernel/kernel.o
 .bss           0x0000000000010f60        0x0 kernel/start.o
 .bss           0x0000000000010f60        0x0 kernel/main.o
 .bss           0x0000000000010f60        0x0 kernel/clock.o
 .bss           0x0000000000010f60       0x58 kernel/keyboard.o
 .bss           0x0000000000010fb8        0x0 kernel/tty.o
 .bss           0x0000000000010fb8        0x0 kernel/console.o
 .bss           0x0000000000010fb8        0x0 kernel/i8259.o
 .bss           0x0000000000010fb8        0x0 kernel/global.o
 .bss           0x0000000000010fb8        0x0 kernel/protect.o
 .bss           0x0000000000010fb8        0x0 kernel/proc.o
 .bss           0x0000000000010fb8        0x0 kernel/systask.o
 *fill*         0x0000000000010fb8        0x8 
 .bss           0x0000000000010fc0      0x64c kernel/hd.o
 .bss           0x000000000001160c        0x0 lib/printf.o
 .bss           0x000000000001160c        0x0 lib/vsprintf.o
 .bss           0x000000000001160c        0x0 lib/klib.o
 .bss           0x000000000001160c        0x0 lib/misc.o
 .bss           0x000000000001160c        0x0 lib/open.o
 .bss           0x000000000001160c        0x0 lib/lseek.o
 .bss           0x000000000001160c        0x0 lib/dup.o
 .bss           0x000000000001160c        0x0 lib/stat.o
 .bss           0x000000000001160c        0x0 lib/flock.o
 .bss           0x000000000001160c        0x0 lib/pread.o
 .bss           0x000000000001160c        0x0 lib/pwrite.o
 .bss           0x000000000001160c        0x0 lib/readv.o
 .bss           0x000000000001160c        0x0 lib/writev.o
 .bss           0x000000000001160c        0x0 lib/read.o
 .bss           0x000000000001160c        0x0 lib/write.o
 .bss           0x000000000001160c        0x0 lib/close.o
 .bss           0x000000000001160c        0x0 lib/unlink.o
 .bss           0x000000000001160c        0x0 lib/getpid.o
 .bss           0x000000000001160c        0x0 lib/syslog.o
 .bss           0x000000000001160c        0x0 fs/main.o
 .bss           0x000000000001160c        0x0 fs/open.o
 .bss           0x000000000001160c        0x0 fs/lseek.o
 .bss           0x000000000001160c        0x0 fs/dup.o
 .bss           0x000000000001160c        0x0 fs/stat.o
 .bss           0x000000000001160c        0x0 fs/flock.o
 .bss           0x000000000001160c        0x0 fs/pread.o
 .bss           0x000000000001160c        0x0 fs/pwrite.o
 .bss           0x000000000001160c        0x0 fs/readv.o
 .bss           0x000000000001160c        0x0 fs/writev.o
 .bss           0x000000000001160c        0x0 fs/misc.o
 .bss           0x000000000001160c        0x0 fs/read_write.o
 .bss           0x000000000001160c        0x0 fs/link.o
 *fill*         0x000000000001160c       0x14 
 .bss           0x0000000000011620      0x208 fs/disklog.o
 *(COMMON)
 *fill*         0x0000000000011828       0x18 
 COMMON         0x0000000000011840    0x3b53a kernel/global.o
                0x0000000000011840                idt_ptr
                0x0000000000011860                inode_table
                0x0000000000012360                task_stack
                0x000000000004a360                k_reenter
                0x000000000004a380                gdt
                0x000000000004a780                pcaller
                0x000000000004a7a0                tty_table
                0x000000000004b3e0                tss
                0x000000000004b460                fs_msg
                0x000000000004b490                nr_current_console
                0x000000000004b4a0                f_desc_table
                0x000000000004b7a0                root_inode
                0x000000000004b7a4                disp_pos
                0x000000000004b7a8                gdt_ptr
                0x000000000004b7c0                idt
                0x000000000004bfc0                super_block
                0x000000000004c1a0                ticks
                0x000000000004c1c0                console_table
                0x000000000004c200                irq_table
                0x000000000004c240                p_proc_ready
                0x000000000004c260                proc_table
 COMMON         0x000000000004cd7a       0x10 kernel/hd.o
                0x000000000004cd7a                PARTITION_ENTRY
                0x000000000004cd8c                . = ALIGN ((. != 0x0)?0x4:0x1)
 *fill*         0x000000000004cd8a        0x2 
                0x000000000004cd8c                . = ALIGN (0x4)
                0x000000000004cd8c                . = SEGMENT_START ("ldata-segment", .)
                0x000000000004cd8c                . = ALIGN (0x4)
                0x000000000004cd8c                _end = .
                0x000000000004cd8c                PROVIDE (end, .)
                0x000000000004cd8c                . = DATA_SEGMENT_END (.)

.stab
 *(.stab)

.stabstr
 *(.stabstr)

.stab.excl
 *(.stab.excl)

.stab.exclstr
 *(.stab.exclstr)

.stab.index
 *(.stab.index)

.stab.indexstr
 *(.stab.indexstr)

.comment        0x0000000000000000       0x29
 *(.comment)
 .comment       0x0000000000000000       0x29 kernel/start.o
                                         0x2a (size before relaxing)
 .comment       0x0000000000000000       0x2a kernel/main.o
 .comment       0x0000000000000000       0x2a kernel/clock.o
 .comment       0x0000000000000000       0x2a kernel/keyboard.o
 .comment       0x0000000000000000       0x2a kernel/tty.o
 .comment       0x0000000000000000       0x2a kernel/console.o
 .comment       0x0000000000000000       0x2a kernel/i8259.o
 .comment       0x0000000000000000       0x2a kernel/global.o
 .comment       0x0000000000000000       0x2a kernel/protect.o
 .comment       0x0000000000000000       0x2a kernel/proc.o
 .comment       0x0000000000000000       0x2a kernel/systask.o
 .comment       0x0000000000000000       0x2a kernel/hd.o
 .comment       0x0000000000000000       0x2a lib/printf.o
 .comment       0x0000000000000000       0x2a lib/vsprintf.o
 .comment       0x0000000000000000       0x2a lib/klib.o
 .comment       0x0000000000000000       0x2a lib/misc.o
 .comment       0x0000000000000000       0x2a lib/open.o
 .comment       0x0000000000000000       0x2a lib/lseek.o
 .comment       0x0000000000000000       0x2a lib/dup.o
 .comment       0x0000000000000000       0x2a lib/stat.o
 .comment       0x0000000000000000       0x2a lib/flock.o
 .comment       0x0000000000000000       0x2a lib/pread.o
 .comment       0x0000000000000000       0x2a lib/pwrite.o
 .comment       0x0000000000000000       0x2a lib/readv.o
 .comment       0x0000000000000000       0x2a lib/writev.o
 .comment       0x0000000000000000       0x2a lib/read.o
 .comment       0x0000000000000000       0x2a lib/write.o
 .comment       0x0000000000000000       0x2a lib/close.o
 .comment       0x0000000000000000       0x2a lib/unlink.o
 .comment       0x0000000000000000       0x2a lib/getpid.o
 .comment       0x0000000000000000       0x2a lib/syslog.o
 .comment       0x0000000000000000       0x2a fs/main.o
 .comment       0x0000000000000000       0x2a fs/open.o
 .comment       0x0000000000000000       0x2a fs/lseek.o
 .comment       0x0000000000000000       0x2a fs/dup.o
 .comment       0x0000000000000000       0x2a fs/stat.o
 .comment       0x0000000000000000       0x2a fs/flock.o
 .comment       0x0000000000000000       0x2a fs/pread.o
 .comment       0x0000000000000000       0x2a fs/pwrite.o
 .comment       0x0000000000000000       0x2a fs/readv.o
 .comment       0x0000000000000000       0x2a fs/writev.o
 .comment       0x0000000000000000       0x2a fs/misc.o
 .comment       0x0000000000000000       0x2a fs/read_write.o
 .comment       0x0000000000000000       0x2a fs/link.o
 .comment       0x0000000000000000       0x2a fs/disklog.o

.debug
 *(.debug)

.line
 *(.line)

.debug_srcinfo
 *(.debug_srcinfo)

.debug_sfnames
 *(.debug_sfnames)

.debug_aranges
 *(.debug_aranges)

.debug_pubnames
 *(.debug_pubnames)

.debug_info
 *(.debug_info .gnu.linkonce.wi.*)

.debug_abbrev
 *(.debug_abbrev)

.debug_line
 *(.debug_line .debug_line.* .debug_line_end)

.debug_frame
 *(.debug_frame)

.debug_str
 *(.debug_str)

.debug_loc
 *(.debug_loc)

.debug_macinfo
 *(.debug_macinfo)

.debug_weaknames
 *(.debug_weaknames)

.debug_funcnames
 *(.debug_funcnames)

.debug_typenames
 *(.debug_typenames)

.debug_varnames
 *(.debug_varnames)

.debug_pubtypes
 *(.debug_pubtypes)

.debug_ranges
 *(.debug_ranges)

.debug_macro
 *(.debug_macro)

.gnu.attributes
 *(.gnu.attributes)

/DISCARD/
 *(.note.GNU-stack)
 *(.gnu_debuglink)
 *(.gnu.lto_*)
OUTPUT(kernel.bin elf32-i386)
